{
    "frames": [
        {
            "name": "gkatest_1.png",
            "file": "prefix-sprites.png",
            "x": 0,
            "y": 0,
            "width": 50,
            "height": 50,
            "w": 300,
            "h": 50
        },
        {
            "name": "gkatest_2.png",
            "file": "prefix-sprites.png",
            "x": 50,
            "y": 0,
            "width": 50,
            "height": 50,
            "w": 300,
            "h": 50
        },
        {
            "name": "gkatest_3.png",
            "file": "prefix-sprites.png",
            "x": 100,
            "y": 0,
            "width": 50,
            "height": 50,
            "w": 300,
            "h": 50
        },
        {
            "name": "gkatest_4.png",
            "file": "prefix-sprites.png",
            "x": 150,
            "y": 0,
            "width": 50,
            "height": 50,
            "w": 300,
            "h": 50
        },
        {
            "name": "gkatest_5.png",
            "file": "prefix-sprites.png",
            "x": 200,
            "y": 0,
            "width": 50,
            "height": 50,
            "w": 300,
            "h": 50
        },
        {
            "name": "gkatest_6.png",
            "file": "prefix-sprites.png",
            "x": 100,
            "y": 0,
            "width": 50,
            "height": 50,
            "w": 300,
            "h": 50
        },
        {
            "name": "gkatest_7.png",
            "file": "prefix-sprites.png",
            "x": 50,
            "y": 0,
            "width": 50,
            "height": 50,
            "w": 300,
            "h": 50
        },
        {
            "name": "gkatest_8.png",
            "file": "prefix-sprites.png",
            "x": 250,
            "y": 0,
            "width": 50,
            "height": 50,
            "w": 300,
            "h": 50
        }
    ]
}