{
    "frames": [
        {
            "name": "gkatest_1.png",
            "file": "gkatest_1.png",
            "offX": 11,
            "offY": 11,
            "width": 27,
            "height": 28,
            "sourceW": 50,
            "sourceH": 50
        },
        {
            "name": "gkatest_2.png",
            "file": "gkatest_2.png",
            "offX": 7,
            "offY": 7,
            "width": 35,
            "height": 36,
            "sourceW": 50,
            "sourceH": 50
        },
        {
            "name": "gkatest_3.png",
            "file": "gkatest_3.png",
            "offX": 6,
            "offY": 6,
            "width": 37,
            "height": 38,
            "sourceW": 50,
            "sourceH": 50
        },
        {
            "name": "gkatest_4.png",
            "file": "gkatest_4.png",
            "offX": 4,
            "offY": 3,
            "width": 44,
            "height": 43,
            "sourceW": 50,
            "sourceH": 50
        },
        {
            "name": "gkatest_5.png",
            "file": "gkatest_5.png",
            "offX": 3,
            "offY": 3,
            "width": 44,
            "height": 45,
            "sourceW": 50,
            "sourceH": 50
        },
        {
            "name": "gkatest_6.png",
            "file": "gkatest_3.png",
            "offX": 6,
            "offY": 6,
            "width": 37,
            "height": 38,
            "sourceW": 50,
            "sourceH": 50
        },
        {
            "name": "gkatest_7.png",
            "file": "gkatest_2.png",
            "offX": 7,
            "offY": 7,
            "width": 35,
            "height": 36,
            "sourceW": 50,
            "sourceH": 50
        },
        {
            "name": "gkatest_8.png",
            "file": "gkatest_8.png",
            "offX": 8,
            "offY": 8,
            "width": 33,
            "height": 34,
            "sourceW": 50,
            "sourceH": 50
        }
    ],
    "keyMap": {
        "": [
            0,
            1,
            2,
            3,
            4,
            5,
            6,
            7
        ]
    }
}